FILE_TYPE=LIBRARY_PARTS;
PRIMITIVE 'ATTINY85_20PU','ATTINY85_20PU_Dual-In-Line Packages';
  PIN
    'PB5_(PCINT5/RESET*/ADC0/DW)':
      PIN_NUMBER='(1)';
      NO_LOAD_CHECK=BOTH;
      NO_IO_CHECK=BOTH;
      ALLOW_CONNECT=TRUE;
      PINUSE='BIDIR';
    'PB3_(PCINT3/XTAL1/CLKI/OC1B*/ADC3)':
      PIN_NUMBER='(2)';
      NO_LOAD_CHECK=BOTH;
      NO_IO_CHECK=BOTH;
      ALLOW_CONNECT=TRUE;
      PINUSE='BIDIR';
    'PB4_(PCINT4/XTAL2/CLKO/OC1B/ADC2)':
      PIN_NUMBER='(3)';
      NO_LOAD_CHECK=BOTH;
      NO_IO_CHECK=BOTH;
      ALLOW_CONNECT=TRUE;
      PINUSE='BIDIR';
    'GROUND':
      PIN_NUMBER='(4)';
      NO_LOAD_CHECK=BOTH;
      NO_IO_CHECK=BOTH;
      ALLOW_CONNECT=TRUE;
      PINUSE='GROUND';
    'VCC':
      PIN_NUMBER='(8)';
      NO_LOAD_CHECK=BOTH;
      NO_IO_CHECK=BOTH;
      ALLOW_CONNECT=TRUE;
      PINUSE='POWER';
    'PB2_(SCK/USCK/SCL/ADC1/T0/INT0/PCINT2)':
      PIN_NUMBER='(7)';
      NO_LOAD_CHECK=BOTH;
      NO_IO_CHECK=BOTH;
      ALLOW_CONNECT=TRUE;
      PINUSE='BIDIR';
    'PB1_(MISO/DO/AIN1/OC0B/OC1A/PCINT1)':
      PIN_NUMBER='(6)';
      NO_LOAD_CHECK=BOTH;
      NO_IO_CHECK=BOTH;
      ALLOW_CONNECT=TRUE;
      PINUSE='BIDIR';
    'PB0_(MOSI/DI/SDA/AIN0/OC0A/OC1A/AREF/PCINT0)':
      PIN_NUMBER='(5)';
      NO_LOAD_CHECK=BOTH;
      NO_IO_CHECK=BOTH;
      ALLOW_CONNECT=TRUE;
      PINUSE='BIDIR';
  END_PIN;
  BODY
    PART_NAME='ATTINY85_20PU';
    PHYS_DES_PREFIX='IC';
    NO_LOAD_CHECK='TRUE';
    PIN_COUNT='8';
    BODY_NAME='ATTINY85_20PU';
    JEDEC_TYPE='DIP781W56P254L950H533Q8N';
  END_BODY;
END_PRIMITIVE;
END.
